Archive member included because of file (symbol)

C:/SaturnOrbit/SGL_302j/lib_coff\libsgl.a(sglIc0.o)
                              main.o (slInitSystem)
C:/SaturnOrbit/SGL_302j/lib_coff\libsgl.a(sglB001.o)
                              main.o (slTVOn)
C:/SaturnOrbit/SGL_302j/lib_coff\libsgl.a(sglI01.o)
                              C:/SaturnOrbit/SGL_302j/lib_coff\libsgl.a(sglIc0.o) (slInitSynch)
C:/SaturnOrbit/SGL_302j/lib_coff\libsgl.a(sglF00.o)
                              main.o (slLocate)
C:/SaturnOrbit/SGL_302j/lib_coff\libsgl.a(sglF05.o)
                              main.o (slPrint)
C:/SaturnOrbit/SGL_302j/lib_coff\libsgl.a(sglB002.o)
                              main.o (slColRAMMode)
C:/SaturnOrbit/SGL_302j/lib_coff\libsgl.a(sglB016.o)
                              main.o (slBack1ColSet)
C:/SaturnOrbit/SGL_302j/lib_coff\libsgl.a(sglB015.o)
                              main.o (slScrAutoDisp)
C:/SaturnOrbit/SGL_302j/lib_coff\libsgl.a(sglA00.o)
                              C:/SaturnOrbit/SGL_302j/lib_coff\libsgl.a(sglIc0.o) (_builtin_set_imask)
C:/SaturnOrbit/SGL_302j/lib_coff\libsgl.a(sglK01.o)
                              C:/SaturnOrbit/SGL_302j/lib_coff\libsgl.a(sglIc0.o) (SynchCount)
C:/SaturnOrbit/SGL_302j/lib_coff\libsgl.a(sglH00.o)
                              C:/SaturnOrbit/SGL_302j/lib_coff\libsgl.a(sglIc0.o) (slInitPeripheral)
C:/SaturnOrbit/SGL_302j/lib_coff\libsgl.a(sglJ00.o)
                              C:/SaturnOrbit/SGL_302j/lib_coff\libsgl.a(sglIc0.o) (InitSlaveSH)
C:/SaturnOrbit/SGL_302j/lib_coff\libsgl.a(sglA20.o)
                              C:/SaturnOrbit/SGL_302j/lib_coff\libsgl.a(sglIc0.o) (slInitMatrix)
C:/SaturnOrbit/SGL_302j/lib_coff\libsgl.a(sglB000.o)
                              C:/SaturnOrbit/SGL_302j/lib_coff\libsgl.a(sglIc0.o) (slInitScroll)
C:/SaturnOrbit/SGL_302j/lib_coff\libsgl.a(sglJ01.o)
                              C:/SaturnOrbit/SGL_302j/lib_coff\libsgl.a(sglIc0.o) (SlaveControl)
C:/SaturnOrbit/SGL_302j/lib_coff\libsgl.a(sglI00.o)
                              C:/SaturnOrbit/SGL_302j/lib_coff\libsgl.a(sglIc0.o) (slInitInterrupt)
C:/SaturnOrbit/SGL_302j/lib_coff\libsgl.a(sglC00.o)
                              C:/SaturnOrbit/SGL_302j/lib_coff\libsgl.a(sglIc0.o) (slInitSprite)
C:/SaturnOrbit/SGL_302j/lib_coff\libsgl.a(sglH02.o)
                              C:/SaturnOrbit/SGL_302j/lib_coff\libsgl.a(sglH00.o) (smpc_pfr_tbl)
C:/SaturnOrbit/SGL_302j/lib_coff\libsgl.a(sglH04.o)
                              C:/SaturnOrbit/SGL_302j/lib_coff\libsgl.a(sglH00.o) (slComPrmIntBack)
C:/SaturnOrbit/SGL_302j/lib_coff\libsgl.a(sglJ03.o)
                              C:/SaturnOrbit/SGL_302j/lib_coff\libsgl.a(sglJ01.o) (sbMakeDMATable)
C:/SaturnOrbit/SGL_302j/lib_coff\libsgl.a(sglJ02.o)
                              C:/SaturnOrbit/SGL_302j/lib_coff\libsgl.a(sglJ01.o) (sbMakePolygon)
C:/SaturnOrbit/SGL_302j/lib_coff\libsgl.a(sglJ04.o)
                              C:/SaturnOrbit/SGL_302j/lib_coff\libsgl.a(sglJ01.o) (sbMakeSprite)
C:/SaturnOrbit/SGL_302j/lib_coff\libsgl.a(sglJ05.o)
                              C:/SaturnOrbit/SGL_302j/lib_coff\libsgl.a(sglJ01.o) (sbSortEntry)
C:/SaturnOrbit/SGL_302j/lib_coff\libsgl.a(sglH03.o)
                              C:/SaturnOrbit/SGL_302j/lib_coff\libsgl.a(sglI00.o) (slSmpcIntBack)
C:/SaturnOrbit/SGL_302j/lib_coff\libsgl.a(sglM01.o)
                              C:/SaturnOrbit/SGL_302j/lib_coff\libsgl.a(sglJ02.o) (DepthWorkArea)
C:/Saturn~1/SH_COFF/sh-coff/bin/../lib/gcc/sh-coff/3.4-GNUSH_v0501/m2\libgcc.a(__main.o)
                              C:/SaturnOrbit/COMMON/cinit.o (__main)
C:/Saturn~1/SH_COFF/sh-coff/bin/../lib/gcc/sh-coff/3.4-GNUSH_v0501/../../../../sh-coff/lib/m2\libc.a(atexit.o)
                              C:/Saturn~1/SH_COFF/sh-coff/bin/../lib/gcc/sh-coff/3.4-GNUSH_v0501/m2\libgcc.a(__main.o) (atexit)
C:/Saturn~1/SH_COFF/sh-coff/bin/../lib/gcc/sh-coff/3.4-GNUSH_v0501/../../../../sh-coff/lib/m2\libc.a(impure.o)
                              C:/Saturn~1/SH_COFF/sh-coff/bin/../lib/gcc/sh-coff/3.4-GNUSH_v0501/../../../../sh-coff/lib/m2\libc.a(atexit.o) (_impure_ptr)
C:/Saturn~1/SH_COFF/sh-coff/bin/../lib/gcc/sh-coff/3.4-GNUSH_v0501/../../../../sh-coff/lib/m2\libc.a(malloc.o)
                              C:/Saturn~1/SH_COFF/sh-coff/bin/../lib/gcc/sh-coff/3.4-GNUSH_v0501/../../../../sh-coff/lib/m2\libc.a(atexit.o) (malloc)
C:/Saturn~1/SH_COFF/sh-coff/bin/../lib/gcc/sh-coff/3.4-GNUSH_v0501/../../../../sh-coff/lib/m2\libc.a(mallocr.o)
                              C:/Saturn~1/SH_COFF/sh-coff/bin/../lib/gcc/sh-coff/3.4-GNUSH_v0501/../../../../sh-coff/lib/m2\libc.a(malloc.o) (_malloc_r)
C:/Saturn~1/SH_COFF/sh-coff/bin/../lib/gcc/sh-coff/3.4-GNUSH_v0501/../../../../sh-coff/lib/m2\libc.a(freer.o)
                              C:/Saturn~1/SH_COFF/sh-coff/bin/../lib/gcc/sh-coff/3.4-GNUSH_v0501/../../../../sh-coff/lib/m2\libc.a(malloc.o) (_free_r)
C:/Saturn~1/SH_COFF/sh-coff/bin/../lib/gcc/sh-coff/3.4-GNUSH_v0501/../../../../sh-coff/lib/m2\libc.a(mlock.o)
                              C:/Saturn~1/SH_COFF/sh-coff/bin/../lib/gcc/sh-coff/3.4-GNUSH_v0501/../../../../sh-coff/lib/m2\libc.a(mallocr.o) (__malloc_lock)
C:/Saturn~1/SH_COFF/sh-coff/bin/../lib/gcc/sh-coff/3.4-GNUSH_v0501/../../../../sh-coff/lib/m2\libc.a(sbrkr.o)
                              C:/Saturn~1/SH_COFF/sh-coff/bin/../lib/gcc/sh-coff/3.4-GNUSH_v0501/../../../../sh-coff/lib/m2\libc.a(mallocr.o) (_sbrk_r)
C:/Saturn~1/SH_COFF/sh-coff/bin/../lib/gcc/sh-coff/3.4-GNUSH_v0501/../../../../sh-coff/lib/m2\libc.a(syscalls.o)
                              C:/Saturn~1/SH_COFF/sh-coff/bin/../lib/gcc/sh-coff/3.4-GNUSH_v0501/../../../../sh-coff/lib/m2\libc.a(sbrkr.o) (_sbrk)
C:/Saturn~1/SH_COFF/sh-coff/bin/../lib/gcc/sh-coff/3.4-GNUSH_v0501/../../../../sh-coff/lib/m2\libc.a(trap.o)
                              C:/Saturn~1/SH_COFF/sh-coff/bin/../lib/gcc/sh-coff/3.4-GNUSH_v0501/../../../../sh-coff/lib/m2\libc.a(syscalls.o) (__trap34)
C:/Saturn~1/SH_COFF/sh-coff/bin/../lib/gcc/sh-coff/3.4-GNUSH_v0501/../../../../sh-coff/lib/m2\libc.a(abort.o)
                              C:/Saturn~1/SH_COFF/sh-coff/bin/../lib/gcc/sh-coff/3.4-GNUSH_v0501/../../../../sh-coff/lib/m2\libc.a(syscalls.o) (abort)
C:/Saturn~1/SH_COFF/sh-coff/bin/../lib/gcc/sh-coff/3.4-GNUSH_v0501/../../../../sh-coff/lib/m2\libc.a(signal.o)
                              C:/Saturn~1/SH_COFF/sh-coff/bin/../lib/gcc/sh-coff/3.4-GNUSH_v0501/../../../../sh-coff/lib/m2\libc.a(abort.o) (raise)
C:/Saturn~1/SH_COFF/sh-coff/bin/../lib/gcc/sh-coff/3.4-GNUSH_v0501/../../../../sh-coff/lib/m2\libc.a(signalr.o)
                              C:/Saturn~1/SH_COFF/sh-coff/bin/../lib/gcc/sh-coff/3.4-GNUSH_v0501/../../../../sh-coff/lib/m2\libc.a(signal.o) (_kill_r)
C:/Saturn~1/SH_COFF/sh-coff/bin/../lib/gcc/sh-coff/3.4-GNUSH_v0501/m2\libgcc.a(_ashiftlt.o)
                              C:/Saturn~1/SH_COFF/sh-coff/bin/../lib/gcc/sh-coff/3.4-GNUSH_v0501/../../../../sh-coff/lib/m2\libc.a(mallocr.o) (__ashlsi3)
C:/Saturn~1/SH_COFF/sh-coff/bin/../lib/gcc/sh-coff/3.4-GNUSH_v0501/m2\libgcc.a(_udivsi3.o)
                              C:/Saturn~1/SH_COFF/sh-coff/bin/../lib/gcc/sh-coff/3.4-GNUSH_v0501/../../../../sh-coff/lib/m2\libc.a(freer.o) (__udivsi3)

Allocating common symbols
Common symbol       size              file

errno               0x4               C:/Saturn~1/SH_COFF/sh-coff/bin/../lib/gcc/sh-coff/3.4-GNUSH_v0501/../../../../sh-coff/lib/m2\libc.a(syscalls.o)

Memory Configuration

Name             Origin             Length             Attributes
*default*        0x00000000         0xffffffff

Linker script and memory map

TARGET(coff-sh)

SLSTART         0x06004000       0x30
                0x06004000                ___Start = .
 *(SLSTART)
 SLSTART        0x06004000       0x28 C:/SaturnOrbit/SGL_302j/lib_coff\libsgl.a(sglI00.o)
                0x06004002                slStartSGL
                0x06004000                SGL_Start

.text           0x06004040     0x16f0
 *(.text)
 .text          0x06004040       0x90 main.o
                0x06004050                ss_main
 .text          0x060040d0       0x50 C:/SaturnOrbit/COMMON/cinit.o
                0x060040d0                main
 .text          0x06004120      0x128 C:/SaturnOrbit/SGL_302j/lib_coff\libsgl.a(sglIc0.o)
                0x06004120                slInitSystem
 *fill*         0x06004248        0x8 00
 .text          0x06004250       0xc0 C:/Saturn~1/SH_COFF/sh-coff/bin/../lib/gcc/sh-coff/3.4-GNUSH_v0501/m2\libgcc.a(__main.o)
                0x060042d0                __main
                0x06004250                __do_global_dtors
                0x06004290                __do_global_ctors
 .text          0x06004310       0xa0 C:/Saturn~1/SH_COFF/sh-coff/bin/../lib/gcc/sh-coff/3.4-GNUSH_v0501/../../../../sh-coff/lib/m2\libc.a(atexit.o)
                0x06004310                atexit
 .text          0x060043b0       0x10 C:/Saturn~1/SH_COFF/sh-coff/bin/../lib/gcc/sh-coff/3.4-GNUSH_v0501/../../../../sh-coff/lib/m2\libc.a(impure.o)
                0x060043b0                _global_impure_ptr
 .text          0x060043c0       0x40 C:/Saturn~1/SH_COFF/sh-coff/bin/../lib/gcc/sh-coff/3.4-GNUSH_v0501/../../../../sh-coff/lib/m2\libc.a(malloc.o)
                0x060043e0                free
                0x060043c0                malloc
 .text          0x06004400      0x680 C:/Saturn~1/SH_COFF/sh-coff/bin/../lib/gcc/sh-coff/3.4-GNUSH_v0501/../../../../sh-coff/lib/m2\libc.a(mallocr.o)
                0x06004400                _malloc_r
 .text          0x06004a80      0x3b0 C:/Saturn~1/SH_COFF/sh-coff/bin/../lib/gcc/sh-coff/3.4-GNUSH_v0501/../../../../sh-coff/lib/m2\libc.a(freer.o)
                0x06004a80                _malloc_trim_r
                0x06004b80                _free_r
 .text          0x06004e30       0x20 C:/Saturn~1/SH_COFF/sh-coff/bin/../lib/gcc/sh-coff/3.4-GNUSH_v0501/../../../../sh-coff/lib/m2\libc.a(mlock.o)
                0x06004e30                __malloc_lock
                0x06004e40                __malloc_unlock
 .text          0x06004e50       0x50 C:/Saturn~1/SH_COFF/sh-coff/bin/../lib/gcc/sh-coff/3.4-GNUSH_v0501/../../../../sh-coff/lib/m2\libc.a(sbrkr.o)
                0x06004e50                _sbrk_r
 .text          0x06004ea0      0x430 C:/Saturn~1/SH_COFF/sh-coff/bin/../lib/gcc/sh-coff/3.4-GNUSH_v0501/../../../../sh-coff/lib/m2\libc.a(syscalls.o)
                0x06005050                _exit
                0x06005090                _getpid
                0x06005110                _utime
                0x06004ee0                _write
                0x06004ea0                _read
                0x06005030                _unlink
                0x06004ff0                _open
                0x060050b0                _stat
                0x06005040                isatty
                0x06005150                _wait
                0x06005070                _kill
                0x060050d0                _chmod
                0x06005190                _execv
                0x06005170                _execve
                0x06005290                __setup_argv_and_call_main
                0x060051e0                _gettimeofday
                0x06004f20                _link
                0x060050a0                _raise
                0x06005010                _creat
                0x060051b0                _pipe
                0x060050f0                _chown
                0x06004ec0                _lseek
                0x06004f00                _close
                0x060051d0                _times
                0x06004fd0                _fstat
                0x06005130                _fork
                0x06004f50                _sbrk
 .text          0x060052d0       0x20 C:/Saturn~1/SH_COFF/sh-coff/bin/../lib/gcc/sh-coff/3.4-GNUSH_v0501/../../../../sh-coff/lib/m2\libc.a(trap.o)
                0x060052d0                __trap34
 .text          0x060052f0       0x20 C:/Saturn~1/SH_COFF/sh-coff/bin/../lib/gcc/sh-coff/3.4-GNUSH_v0501/../../../../sh-coff/lib/m2\libc.a(abort.o)
                0x060052f0                abort
 .text          0x06005310      0x2c0 C:/Saturn~1/SH_COFF/sh-coff/bin/../lib/gcc/sh-coff/3.4-GNUSH_v0501/../../../../sh-coff/lib/m2\libc.a(signal.o)
                0x060053f0                _raise_r
                0x060055b0                __sigtramp
                0x06005550                raise
                0x06005590                _init_signal
                0x060054d0                __sigtramp_r
                0x06005570                signal
                0x06005360                _signal_r
                0x06005310                _init_signal_r
 .text          0x060055d0       0x60 C:/Saturn~1/SH_COFF/sh-coff/bin/../lib/gcc/sh-coff/3.4-GNUSH_v0501/../../../../sh-coff/lib/m2\libc.a(signalr.o)
                0x06005620                _getpid_r
                0x060055d0                _kill_r
 .text          0x06005630       0x90 C:/Saturn~1/SH_COFF/sh-coff/bin/../lib/gcc/sh-coff/3.4-GNUSH_v0501/m2\libgcc.a(_ashiftlt.o)
                0x06005630                __ashlsi3
 .text          0x060056c0       0x70 C:/Saturn~1/SH_COFF/sh-coff/bin/../lib/gcc/sh-coff/3.4-GNUSH_v0501/m2\libgcc.a(_udivsi3.o)
                0x060056e2                __udivsi3
 *(.strings)
                0x06005730                __etext = .

.rodata
 *(.rodata)

SLPROG          0x06005740     0xb980
                0x06005740                __slprog_start = .
 *(SLPROG)
 SLPROG         0x06005740     0x6540 C:/SaturnOrbit/SGL_302j/lib_coff/sglarea.o
                0x0600575c                SpriteBuf
                0x06005780                RemainEvent
                0x0600574c                SortList
                0x0600574a                MaxPolygons
                0x06005768                CommandBuf
                0x0600577c                MaxWorks
                0x0600577e                WorkSize
                0x06005774                PCM_WkSize
                0x0600576c                CLOfstBuf
                0x06005880                RemainWork
                0x06005770                PCM_Work
                0x06005740                MasterStack
                0x06005744                SlaveStack
                0x06005748                MaxVertices
                0x06005778                MaxEvents
                0x06005758                Zbuffer
                0x06005760                SpriteBufSize
                0x06007c80                WorkBuf
                0x06005754                TransList
                0x06005764                Pbuffer
                0x06005750                SortListSize
                0x0600577a                EventSize
                0x06005c80                EventBuf
 SLPROG         0x0600bc80       0x20 C:/SaturnOrbit/SGL_302j/lib_coff\libsgl.a(sglB001.o)
                0x0600bc80                slTVOn
                0x0600bc8a                slTVOff
 SLPROG         0x0600bca0      0x3a4 C:/SaturnOrbit/SGL_302j/lib_coff\libsgl.a(sglI01.o)
                0x0600be8a                RetPCMBuf
                0x0600bfc4                Sound_Buf
                0x0600bca0                slInitSynch
                0x0600bdb0                slRandom
                0x0600bf24                PCM_Buf
                0x0600bcba                slSynch
                0x0600bdce                PCM_EndCheck
 *fill*         0x0600c044        0xc 00
 SLPROG         0x0600c050       0x4e C:/SaturnOrbit/SGL_302j/lib_coff\libsgl.a(sglF00.o)
                0x0600c06a                slLocate
                0x0600c060                slCurColor
                0x0600c09c                CurrentScreen
                0x0600c050                slCurScrn
 *fill*         0x0600c09e        0x2 00
 SLPROG         0x0600c0a0       0x1c C:/SaturnOrbit/SGL_302j/lib_coff\libsgl.a(sglF05.o)
                0x0600c0a0                slPrint
 *fill*         0x0600c0bc        0x4 00
 SLPROG         0x0600c0c0       0x1e C:/SaturnOrbit/SGL_302j/lib_coff\libsgl.a(sglB002.o)
                0x0600c0c0                slColRAMMode
 *fill*         0x0600c0de        0x2 00
 SLPROG         0x0600c0e0        0xc C:/SaturnOrbit/SGL_302j/lib_coff\libsgl.a(sglB016.o)
                0x0600c0e0                slBack1ColSet
 *fill*         0x0600c0ec        0x4 00
 SLPROG         0x0600c0f0      0x40c C:/SaturnOrbit/SGL_302j/lib_coff\libsgl.a(sglB015.o)
                0x0600c0f0                slScrAutoDisp
 *fill*         0x0600c4fc        0x4 00
 SLPROG         0x0600c500       0x20 C:/SaturnOrbit/SGL_302j/lib_coff\libsgl.a(sglA00.o)
                0x0600c514                get_imask
                0x0600c500                set_imask
                0x0600c500                _builtin_set_imask
                0x0600c514                _builtin_get_imask
 SLPROG         0x0600c520      0xfc8 C:/SaturnOrbit/SGL_302j/lib_coff\libsgl.a(sglH00.o)
                0x0600c5bc                slSetPortData1
                0x0600c5ac                slGetPortData1
                0x0600cd9a                slSetPortMode1
                0x0600cfd4                Smpc_Status
                0x0600c572                slSetPortDir2
                0x0600cbb8                slSmpcCashSend
                0x0600c5d8                slGetPortSelect1
                0x0600c9be                slIntBackCancel
                0x0600c670                slSetPortExt1
                0x0600cd80                slGetPortMode1
                0x0600cc74                slSmpcCashBlow
                0x0600cf64                slRequestCommand
                0x0600d004                SmpcStatusBuf
                0x0600c5c6                slSetPortData2
                0x0600c926                slSetResultBuffer
                0x0600c65c                slGetPortExt1
                0x0600c6a0                slSetPortExt2
                0x0600c540                slGetPortDir2
                0x0600c666                slGetPortExt2
                0x0600c9f2                slClearReset
                0x0600c9e8                slCheckReset
                0x0600c548                slSetPortDir1
                0x0600c620                slSetPortSelect2
                0x0600c5ec                slSetPortSelect1
                0x0600cd8c                slGetPortMode2
                0x0600c5e2                slGetPortSelect2
                0x0600c538                slGetPortDir1
                0x0600c5b4                slGetPortData2
                0x0600cd5a                slSetOptimize
                0x0600cd50                slGetOptimize
                0x0600c814                slSmpcDirectAccess
                0x0600cfe2                Per_Connect1
                0x0600c894                slInitPeripheral
                0x0600c9b2                slCheckIntBackSet
                0x0600cfe3                Per_Connect2
                0x0600cfdc                Smpc_Peripheral
                0x0600cdd8                slSetPortMode2
                0x0600cfd8                Smpc_Result
 *fill*         0x0600d4e8        0x8 00
 SLPROG         0x0600d4f0       0x74 C:/SaturnOrbit/SGL_302j/lib_coff\libsgl.a(sglJ00.o)
                0x0600d4f0                InitSlaveSH
                0x0600d558                SlaveCommand
 *fill*         0x0600d564        0xc 00
 SLPROG         0x0600d570      0x42c C:/SaturnOrbit/SGL_302j/lib_coff\libsgl.a(sglA20.o)
                0x0600d570                slInitMatrix
                0x0600d58e                slUnitMatrix
                0x0600d57a                slPushUnitMatrix
 *fill*         0x0600d99c        0x4 00
 SLPROG         0x0600d9a0      0xbd0 C:/SaturnOrbit/SGL_302j/lib_coff\libsgl.a(sglB000.o)
                0x0600d9a0                slInitScroll
                0x0600dc00                TVSizeTbl
                0x0600daf0                setASC_4to8
                0x0600dc80                TVModeTbl
                0x0600dac0                setASC_1to8
                0x0600de58                SGL_ASCII_CG
 SLPROG         0x0600e570      0x3d0 C:/SaturnOrbit/SGL_302j/lib_coff\libsgl.a(sglJ01.o)
                0x0600e570                SlaveControl
                0x0600e92c                ErasePolygonData
 SLPROG         0x0600e940      0x75c C:/SaturnOrbit/SGL_302j/lib_coff\libsgl.a(sglI00.o)
                0x0600ec30                slInitInterrupt
 *fill*         0x0600f09c        0x4 00
 SLPROG         0x0600f0a0      0x134 C:/SaturnOrbit/SGL_302j/lib_coff\libsgl.a(sglC00.o)
                0x0600f0a0                slInitSprite
 *fill*         0x0600f1d4        0xc 00
 SLPROG         0x0600f1e0      0x470 C:/SaturnOrbit/SGL_302j/lib_coff\libsgl.a(sglH02.o)
                0x0600f5d0                smpc_pfr_tbl
                0x0600f610                smpc_ptf_tbl
 SLPROG         0x0600f650       0x60 C:/SaturnOrbit/SGL_302j/lib_coff\libsgl.a(sglH04.o)
                0x0600f67a                slComPrmSetTime
                0x0600f650                slComPrmIntBack
                0x0600f664                slComPrmSetMemory
 SLPROG         0x0600f6b0      0x140 C:/SaturnOrbit/SGL_302j/lib_coff\libsgl.a(sglJ03.o)
                0x0600f6b0                sbMakeDMATable
 SLPROG         0x0600f7f0     0x12b8 C:/SaturnOrbit/SGL_302j/lib_coff\libsgl.a(sglJ02.o)
                0x06010a24                stvtc_1
                0x0601075c                stvtc_4
                0x0601071c                SetPolygon
                0x06010814                stvtc_3
                0x06010a4c                stvtc_0
                0x06010724                SetPosition
                0x0600f9d8                sbCalcPolygon
                0x06010710                SetTexture
                0x0600f7f0                sbMakePolygon
                0x06010a38                stvtc_2
 *fill*         0x06010aa8        0x8 00
 SLPROG         0x06010ab0      0x470 C:/SaturnOrbit/SGL_302j/lib_coff\libsgl.a(sglJ04.o)
                0x06010b74                sbMakeRotSprite
                0x06010b0e                sbMakeSprite
 SLPROG         0x06010f20       0x3c C:/SaturnOrbit/SGL_302j/lib_coff\libsgl.a(sglJ05.o)
                0x06010f20                sbSortEntry
 *fill*         0x06010f5c        0x4 00
 SLPROG         0x06010f60       0xf0 C:/SaturnOrbit/SGL_302j/lib_coff\libsgl.a(sglH03.o)
                0x06010fc4                slSmpcIntBack
 SLPROG         0x06011050       0x6a C:/SaturnOrbit/SGL_302j/lib_coff\libsgl.a(sglM01.o)
                0x0601107c                slSetDepthTbl
                0x060110ac                DepthWorkArea
                0x06011050                slSetDepthLimit
                0x060110ba                __slprog_end = .

.tors           0x060110c0        0x0
                0x060110c0                ___ctors = .
 *(.ctors)
                0x060110c0                ___ctors_end = .
                0x060110c0                ___dtors = .
 *(.dtors)
                0x060110c0                ___dtors_end = .

.data           0x060110c0      0x810
 *(.data)
 .data          0x060110c0       0x80 C:/SaturnOrbit/SGL_302j/lib_coff\libsgl.a(sglIc0.o)
                0x060110c0                IntPrioMask
 .data          0x06011140      0x380 C:/Saturn~1/SH_COFF/sh-coff/bin/../lib/gcc/sh-coff/3.4-GNUSH_v0501/../../../../sh-coff/lib/m2\libc.a(impure.o)
                0x060114bc                _impure_ptr
 .data          0x060114c0      0x410 C:/Saturn~1/SH_COFF/sh-coff/bin/../lib/gcc/sh-coff/3.4-GNUSH_v0501/../../../../sh-coff/lib/m2\libc.a(mallocr.o)
                0x060114c8                __malloc_av_
                0x060114c4                __malloc_trim_threshold
                0x060114c0                __malloc_sbrk_base
                0x060118d0                __edata = .

.bss            0x060118d0       0x74
                0x060118d0                __bstart = .
 *(.bss)
 .bss           0x060118d0       0x10 C:/Saturn~1/SH_COFF/sh-coff/bin/../lib/gcc/sh-coff/3.4-GNUSH_v0501/m2\libgcc.a(__main.o)
 .bss           0x060118e0       0x10 C:/Saturn~1/SH_COFF/sh-coff/bin/../lib/gcc/sh-coff/3.4-GNUSH_v0501/../../../../sh-coff/lib/m2\libc.a(atexit.o)
 .bss           0x060118f0       0x40 C:/Saturn~1/SH_COFF/sh-coff/bin/../lib/gcc/sh-coff/3.4-GNUSH_v0501/../../../../sh-coff/lib/m2\libc.a(mallocr.o)
                0x06011920                __malloc_top_pad
                0x060118f0                __malloc_current_mallinfo
                0x0601191c                __malloc_max_sbrked_mem
                0x06011918                __malloc_max_total_mem
 .bss           0x06011930       0x10 C:/Saturn~1/SH_COFF/sh-coff/bin/../lib/gcc/sh-coff/3.4-GNUSH_v0501/../../../../sh-coff/lib/m2\libc.a(syscalls.o)
 *(COMMON)
 COMMON         0x06011940        0x4 C:/Saturn~1/SH_COFF/sh-coff/bin/../lib/gcc/sh-coff/3.4-GNUSH_v0501/../../../../sh-coff/lib/m2\libc.a(syscalls.o)
                                  0x0 (size before relaxing)
                0x06011940                errno
                0x06011944                __bend = .
                0x06011944                _end = .
LOAD C:/SaturnOrbit/SGL_302j/lib_coff/sglarea.o
LOAD main.o
LOAD C:/SaturnOrbit/COMMON/cinit.o
LOAD C:/SaturnOrbit/SGL_302j/lib_coff\libsgl.a
LOAD C:/Saturn~1/SH_COFF/sh-coff/bin/../lib/gcc/sh-coff/3.4-GNUSH_v0501/m2\libgcc.a
LOAD C:/Saturn~1/SH_COFF/sh-coff/bin/../lib/gcc/sh-coff/3.4-GNUSH_v0501/../../../../sh-coff/lib/m2\libc.a
LOAD C:/Saturn~1/SH_COFF/sh-coff/bin/../lib/gcc/sh-coff/3.4-GNUSH_v0501/m2\libgcc.a
OUTPUT(sl_coff.coff coff-sh)

.comment        0x06011950      0x1c0
 .comment       0x06011950       0x20 main.o
 .comment       0x06011970       0x20 C:/SaturnOrbit/COMMON/cinit.o
 .comment       0x06011990       0x20 C:/Saturn~1/SH_COFF/sh-coff/bin/../lib/gcc/sh-coff/3.4-GNUSH_v0501/m2\libgcc.a(__main.o)
 .comment       0x060119b0       0x20 C:/Saturn~1/SH_COFF/sh-coff/bin/../lib/gcc/sh-coff/3.4-GNUSH_v0501/../../../../sh-coff/lib/m2\libc.a(atexit.o)
 .comment       0x060119d0       0x20 C:/Saturn~1/SH_COFF/sh-coff/bin/../lib/gcc/sh-coff/3.4-GNUSH_v0501/../../../../sh-coff/lib/m2\libc.a(impure.o)
 .comment       0x060119f0       0x20 C:/Saturn~1/SH_COFF/sh-coff/bin/../lib/gcc/sh-coff/3.4-GNUSH_v0501/../../../../sh-coff/lib/m2\libc.a(malloc.o)
 .comment       0x06011a10       0x20 C:/Saturn~1/SH_COFF/sh-coff/bin/../lib/gcc/sh-coff/3.4-GNUSH_v0501/../../../../sh-coff/lib/m2\libc.a(mallocr.o)
 .comment       0x06011a30       0x20 C:/Saturn~1/SH_COFF/sh-coff/bin/../lib/gcc/sh-coff/3.4-GNUSH_v0501/../../../../sh-coff/lib/m2\libc.a(freer.o)
 .comment       0x06011a50       0x20 C:/Saturn~1/SH_COFF/sh-coff/bin/../lib/gcc/sh-coff/3.4-GNUSH_v0501/../../../../sh-coff/lib/m2\libc.a(mlock.o)
 .comment       0x06011a70       0x20 C:/Saturn~1/SH_COFF/sh-coff/bin/../lib/gcc/sh-coff/3.4-GNUSH_v0501/../../../../sh-coff/lib/m2\libc.a(sbrkr.o)
 .comment       0x06011a90       0x20 C:/Saturn~1/SH_COFF/sh-coff/bin/../lib/gcc/sh-coff/3.4-GNUSH_v0501/../../../../sh-coff/lib/m2\libc.a(syscalls.o)
 .comment       0x06011ab0       0x20 C:/Saturn~1/SH_COFF/sh-coff/bin/../lib/gcc/sh-coff/3.4-GNUSH_v0501/../../../../sh-coff/lib/m2\libc.a(abort.o)
 .comment       0x06011ad0       0x20 C:/Saturn~1/SH_COFF/sh-coff/bin/../lib/gcc/sh-coff/3.4-GNUSH_v0501/../../../../sh-coff/lib/m2\libc.a(signal.o)
 .comment       0x06011af0       0x20 C:/Saturn~1/SH_COFF/sh-coff/bin/../lib/gcc/sh-coff/3.4-GNUSH_v0501/../../../../sh-coff/lib/m2\libc.a(signalr.o)
